[debug] [2026-09-30T09:23:14.421Z] ----------------------------------------------------------------------
[debug] [2026-09-30T09:23:14.430Z] Command:       /usr/local/bin/firebase /home/chan/.cache/firebase/tools/lib/node_modules/firebase-tools/lib/bin/firebase init firestore
[debug] [2026-09-30T09:23:14.432Z] CLI Version:   15.32.0
[debug] [2026-09-30T09:23:14.432Z] Platform:      linux
[debug] [2026-09-30T09:23:14.433Z] Node Version:  v20.18.2
[debug] [2026-09-30T09:23:14.433Z] Detected Agent: unknown
[debug] [2026-09-30T09:23:14.434Z] Time:          Wed Sep 30 2026 15:53:14 GMT+0630 (Myanmar Time)
[debug] [2026-09-30T09:23:14.435Z] ----------------------------------------------------------------------
[debug] 
[debug] [2026-09-30T09:23:14.470Z] >>> [apiv2][query] GET https://firebase-public.firebaseio.com/cli.json [none]
[info] 
     ######## #### ########  ######## ########     ###     ######  ########
     ##        ##  ##     ## ##       ##     ##  ##   ##  ##       ##
     ######    ##  ########  ######   ########  #########  ######  ######
     ##        ##  ##    ##  ##       ##     ## ##     ##       ## ##
     ##       #### ##     ## ######## ########  ##     ##  ######  ########

You're about to initialize a Firebase project in this directory:

  /home/chan/saletracker

[info] 
=== Project Setup
[info] 
[info] First, let's associate this project directory with a Firebase project.
[info] You can create multiple project aliases by running firebase use --add, 
[info] 
[debug] [2026-09-30T09:23:30.993Z] *** [apiv2] error from fetch(https://firebase-public.firebaseio.com/cli.json, {"headers":{},"method":"GET"}): ConnectTimeoutError: Connect Timeout Error (attempted addresses: 35.201.97.85:443, 2600:1901:0:4d00:::443, 35.190.39.113:443, 34.120.206.254:443, 34.120.160.131:443, timeout: 10000ms)
[warn] ⚠  Unable to fetch the CLI MOTD and remote config. This is not a fatal error, but may indicate an issue with your network connection. 
[debug] [2026-09-30T09:23:30.995Z] Failed to fetch MOTD FirebaseError: Failed to make request to https://firebase-public.firebaseio.com/cli.json
[debug] [2026-09-30T09:24:17.480Z] ExitPromptError: User force closed the prompt with SIGINT
    at Interface.sigint (/home/chan/.cache/firebase/tools/lib/node_modules/@inquirer/core/dist/commonjs/lib/create-prompt.js:101:37)
    at Interface.emit (node:events:518:28)
    at [_ttyWrite] [as _ttyWrite] (node:internal/readline/interface:1125:18)
    at ReadStream.onkeypress (node:internal/readline/interface:264:20)
    at ReadStream.emit (node:events:530:35)
    at emitKeys (node:internal/readline/utils:371:14)
    at emitKeys.next (<anonymous>)
    at ReadStream.onData (node:internal/readline/emitKeypressEvents:64:36)
    at ReadStream.emit (node:events:518:28)
    at addChunk (node:internal/streams/readable:561:12)
[error] 
[error] Error: An unexpected error has occurred.
